xrun(64): 24.03-s001: (c) Copyright 1995-2024 Cadence Design Systems, Inc.
TOOL:	xrun(64)	24.03-s001: Started on Sep 21, 2026 at 18:56:33 MSK
xrun
	-access +rw
	-clean
	-seed random
	-timescale 1ns/1ps
	/home/denismedvedev478/digital_flow_2026/lab1/data/rtl/counter/counter.sv
	/home/denismedvedev478/digital_flow_2026/lab1/data/rtl/counter/counter_tb.sv
	-top counter_tb
	-gui
xrun: *N,CLEAN: Removing existing directory ./xcelium.d.
file: /home/denismedvedev478/digital_flow_2026/lab1/data/rtl/counter/counter.sv
	module worklib.counter:sv
		errors: 0, warnings: 0
file: /home/denismedvedev478/digital_flow_2026/lab1/data/rtl/counter/counter_tb.sv
	module worklib.counter_tb:sv
		errors: 0, warnings: 0
	Elaborating the design hierarchy:
		Caching library 'worklib' ....... Done
	Top level design units:
		counter_tb
	Building instance overlay tables: .................... Done
	Generating native compiled code:
		worklib.counter:sv <0x40c3aa45>
			streams:   2, words:   506
		worklib.counter_tb:sv <0x79dd1f4a>
			streams:   6, words: 14033
	Building instance specific data structures.
	Loading native compiled code:     .................... Done
	Design hierarchy summary:
		                 Instances  Unique
		Modules:                 2       2
		Registers:               7       7
		Scalar wires:            3       -
		Vectored wires:          2       -
		Always blocks:           1       1
		Initial blocks:          2       2
		Pseudo assignments:      4       -
		Process Clocks:          1       1
		Simulation timescale:  1ps
	Writing initial simulation snapshot: worklib.counter_tb:sv
xmsim: *W,NOMTDGUI: Multi-Threaded Dumping is disabled for interactive debug mode.
SVSEED set randomly from command line: -1118009023

-------------------------------------
Relinquished control to SimVision...
xcelium> 
xcelium> source /local/tools/cadence/XCELIUM/24.03.001/tools/xcelium/files/xmsimrc
xcelium> ^C
xcelium> exit
xmsim: *W,NORUNCMD: No 'run' command issued.
TOOL:	xrun(64)	24.03-s001: Exiting on Sep 21, 2026 at 19:31:24 MSK  (total: 00:34:51)
